// Jest Snapshot v1, https://goo.gl/fbAQLP

exports[`renders correctly 1`] = `
<View
  accessible={true}
  focusable={false}
  onClick={[Function]}
  onResponderGrant={[Function]}
  onResponderMove={[Function]}
  onResponderRelease={[Function]}
  onResponderTerminate={[Function]}
  onResponderTerminationRequest={[Function]}
  onStartShouldSetResponder={[Function]}
  style={
    Object {
      "backgroundColor": "#bbe1fa",
      "borderBottomWidth": 1,
      "borderColor": "#eee",
      "borderRadius": 10,
      "marginHorizontal": "2%",
      "marginVertical": "3%",
      "opacity": 1,
      "padding": 20,
    }
  }
  testID="listItem"
>
  <View
    style={
      Object {
        "alignItems": "center",
        "flexDirection": "row",
        "justifyContent": "space-between",
      }
    }
  >
    <Text
      style={
        Object {
          "color": "#1b262c",
          "fontFamily": "sans-serif-medium",
          "fontSize": 18,
        }
      }
    >
      hello
      ...
    </Text>
    <Text
      allowFontScaling={false}
      onPress={[Function]}
      style={
        Array [
          Object {
            "color": undefined,
            "fontSize": 12,
          },
          Object {
            "color": "firebrick",
            "fontSize": 25,
          },
          Object {
            "fontFamily": "FontAwesome",
            "fontStyle": "normal",
            "fontWeight": "normal",
          },
          Object {},
        ]
      }
      testID="removeArticle"
    >
      ÔÄç
    </Text>
  </View>
</View>
`;
