// Jest Snapshot v1, https://goo.gl/fbAQLP

exports[`renders correctly 1`] = `
<View
  style={
    Object {
      "alignSelf": "center",
      "borderRadius": 15,
      "flex": 1,
      "flexDirection": "column",
      "marginBottom": "5%",
      "marginTop": "5%",
      "width": "95%",
    }
  }
>
  <View
    accessibilityIgnoresInvertColors={true}
    style={
      Object {
        "flex": 1,
        "height": "100%",
        "justifyContent": "center",
        "width": "100%",
      }
    }
  >
    <Image
      source={
        Object {
          "testUri": "../../../src/images/none.png",
        }
      }
      style={
        Array [
          Object {
            "bottom": 0,
            "left": 0,
            "position": "absolute",
            "right": 0,
            "top": 0,
          },
          Object {
            "height": "100%",
            "width": "100%",
          },
          Object {
            "borderRadius": 15,
          },
        ]
      }
    />
    <Image
      source={
        Object {
          "uri": "../src/images/none.jpg",
        }
      }
      style={
        Object {
          "alignSelf": "center",
          "borderRadius": 15,
          "height": "100%",
          "width": "100%",
        }
      }
    />
    <View
      style={
        Object {
          "backgroundColor": "rgba(187,225,250,0.88)",
          "borderBottomLeftRadius": 15,
          "borderBottomRightRadius": 15,
          "flex": 1,
          "height": "45%",
          "marginTop": "-52%",
        }
      }
    >
      <Text
        numberOfLines={2}
        style={
          Object {
            "color": "#0f4c75",
            "fontFamily": "sans-serif-medium",
            "fontSize": 25,
            "fontWeight": "bold",
            "marginBottom": "2%",
            "marginHorizontal": "3%",
            "marginTop": "1%",
            "textAlign": "center",
          }
        }
      >
        hello
      </Text>
      <Text
        numberOfLines={2}
        style={
          Object {
            "color": "#0f4c75",
            "fontFamily": "sans-serif-medium",
            "fontSize": 18,
            "fontStyle": "italic",
            "marginHorizontal": "3%",
            "textAlign": "center",
          }
        }
      >
        world
      </Text>
      <View
        accessible={true}
        focusable={true}
        onClick={[Function]}
        onResponderGrant={[Function]}
        onResponderMove={[Function]}
        onResponderRelease={[Function]}
        onResponderTerminate={[Function]}
        onResponderTerminationRequest={[Function]}
        onStartShouldSetResponder={[Function]}
        style={
          Object {
            "alignSelf": "center",
            "backgroundColor": "#0f4c75",
            "borderRadius": 10,
            "bottom": "5%",
            "marginHorizontal": "1%",
            "opacity": 1.5,
            "position": "absolute",
            "width": "95%",
          }
        }
        testID="button"
      >
        <Text
          style={
            Object {
              "color": "#bbe1fa",
              "fontFamily": "sans-serif-medium",
              "fontSize": 23,
              "fontWeight": "bold",
              "padding": "3%",
              "textAlign": "center",
            }
          }
        >
          Read On
        </Text>
      </View>
    </View>
  </View>
</View>
`;
